2026-09-03 11:00:55,094 INFO o.a.j.u.JMeterUtils: Setting Locale to en_EN
2026-09-03 11:00:55,104 INFO o.a.j.JMeter: Loading user properties from: /opt/homebrew/Cellar/jmeter/5.6.3/libexec/bin/user.properties
2026-09-03 11:00:55,104 INFO o.a.j.JMeter: Loading system properties from: /opt/homebrew/Cellar/jmeter/5.6.3/libexec/bin/system.properties
2026-09-03 11:00:55,107 INFO o.a.j.JMeter: Copyright (c) 1998-2024 The Apache Software Foundation
2026-09-03 11:00:55,107 INFO o.a.j.JMeter: Version 5.6.3
2026-09-03 11:00:55,107 INFO o.a.j.JMeter: java.version=21.0.12.1
2026-09-03 11:00:55,107 INFO o.a.j.JMeter: java.vm.name=OpenJDK 64-Bit Server VM
2026-09-03 11:00:55,107 INFO o.a.j.JMeter: os.name=Mac OS X
2026-09-03 11:00:55,107 INFO o.a.j.JMeter: os.arch=aarch64
2026-09-03 11:00:55,107 INFO o.a.j.JMeter: os.version=26.4.1
2026-09-03 11:00:55,107 INFO o.a.j.JMeter: file.encoding=UTF-8
2026-09-03 11:00:55,107 INFO o.a.j.JMeter: java.awt.headless=null
2026-09-03 11:00:55,107 INFO o.a.j.JMeter: Max memory     =1073741824
2026-09-03 11:00:55,107 INFO o.a.j.JMeter: Available Processors =8
2026-09-03 11:00:55,111 INFO o.a.j.JMeter: Default Locale=English (EN)
2026-09-03 11:00:55,112 INFO o.a.j.JMeter: JMeter  Locale=English (EN)
2026-09-03 11:00:55,112 INFO o.a.j.JMeter: JMeterHome=/opt/homebrew/Cellar/jmeter/5.6.3/libexec
2026-09-03 11:00:55,112 INFO o.a.j.JMeter: user.dir  =/Users/bdfb/cypress-automation
2026-09-03 11:00:55,112 INFO o.a.j.JMeter: PWD       =/Users/bdfb/cypress-automation
2026-09-03 11:00:55,132 INFO o.a.j.JMeter: IP: 192.168.10.170 Name: bdfbs-Mac-mini.local FullName: 192.168.10.170
